! ~~~~~~~~~~~~~~~~~~~~~~~~~~~~~~~~~~~~~~~~~~~~~~~~~~~~~~~~~~~~~~~~~~~~~~~~~
! 
! Log File with Human-Readable Information
! 
! Generated by KPP-3.3.0 symbolic chemistry Kinetics PreProcessor
!       (https:/github.com/KineticPreProcessor/KPP
! KPP is distributed under GPL, the general public licence
!       (http://www.gnu.org/copyleft/gpl.html)
! (C) 1995-1997, V. Damian & A. Sandu, CGRER, Univ. Iowa
! (C) 1997-2022, A. Sandu, Michigan Tech, Virginia Tech
!     With important contributions from:
!        M. Damian,   Villanova University, Philadelphia, PA, USA
!        R. Sander,   Max-Planck Institute for Chemistry, Mainz, Germany
!        M. Long,     Renaissance Fiber, LLC, North Carolina, USA
!        H. Lin,      Harvard University, Cambridge, MA, USA
!        R. Yantosca, Harvard University, Cambridge, MA, USA
! 
! File                 : second.log
! Equation file        : second.kpp3
! Output root filename : second
! 
! ~~~~~~~~~~~~~~~~~~~~~~~~~~~~~~~~~~~~~~~~~~~~~~~~~~~~~~~~~~~~~~~~~~~~~~~~~



### Options -------------------------------------------

#DECLARE      - OFF
#DOUBLE       - ON
#DRIVER       - ./mcm_module_kpp3
#DUMMYINDEX   - OFF
#EQNTAGS      - OFF
#FUNCTION     - AGGREGATE
#HESSIAN      - OFF
#INTEGRATOR   - rosenbrock
#JACOBIAN     - SPARSE_LU_ROW
#LANGUAGE     - Fortran90
#MEX          - OFF
#MINVERSION   - none
#REORDER      - ON
#STOCHASTIC   - OFF
#STOICMAT     - OFF
#UPPERCASEF90 - OFF

### Parameters ----------------------------------------

! NSPEC - Number of chemical species
  INTEGER, PARAMETER :: NSPEC = 2442 
! NVAR - Number of Variable species
  INTEGER, PARAMETER :: NVAR = 2415 
! NVARACT - Number of Active species
  INTEGER, PARAMETER :: NVARACT = 2213 
! NFIX - Number of Fixed species
  INTEGER, PARAMETER :: NFIX = 27 
! NREACT - Number of reactions
  INTEGER, PARAMETER :: NREACT = 8144 
! NVARST - Starting of variables in conc. vect.
  INTEGER, PARAMETER :: NVARST = 1 
! NFIXST - Starting of fixed in conc. vect.
  INTEGER, PARAMETER :: NFIXST = 2416 

### Species -------------------------------------------

Variable species
   1 = O1D (r)                 807 = BCKBO (r)              1613 = C818CO (r)             
   2 = CL (r)                  808 = BCKBNO3 (r)            1614 = HC4CHO (r)             
   3 = CH2OOE (r)              809 = C131PAN (r)            1615 = KLIMONONIC (r)         
   4 = MVKOOA (r)              810 = C131NO3 (r)            1616 = HMAC (r)               
   5 = MACROOA (r)             811 = C131OH (r)             1617 = MVKOOH (r)             
   6 = MVKOO (r)               812 = C9PAN2 (r)             1618 = HPC52CO3H (r)          
   7 = MACROO (r)              813 = C133NO3 (r)            1619 = CH2CHCH2O2 (r)         
   8 = MGLYOOB (r)             814 = C829O (r)              1620 = C818OOH (r)            
   9 = APINOOA (r)             815 = C829NO3 (r)            1621 = TLFUOOH (r)            
  10 = APINOOB (r)             816 = C134O (r)              1622 = C819OOH (r)            
  11 = NOPINOOA (r)            817 = C135O (r)              1623 = C530OOH (r)            
  12 = NOPINOO (r)             818 = APINCNO3 (r)           1624 = HC4CO3 (r)             
  13 = CH2OOG (r)              819 = BCSOZ (r)              1625 = C4M2ALOHO (r)          
  14 = LIMOOA (r)              820 = BCSOZO (r)             1626 = C531O2 (r)             
  15 = LIMOOB (r)              821 = BCSOZOH (r)            1627 = C727OOH (r)            
  16 = LIMBOO (r)              822 = C151O (r)              1628 = C31CO3H (r)            
  17 = BCOOA (r)               823 = C151OH (r)             1629 = CHOOCHO (r)            
  18 = BCOOB (r)               824 = C152O (r)              1630 = C31CO3 (r)             
  19 = BCAOO (r)               825 = C152OH (r)             1631 = C533OOH (r)            
  20 = BCBOO (r)               826 = BCALAO (r)             1632 = C820OOH (r)            
  21 = RO2 (r)                 827 = C126PAN (r)            1633 = C825OOH (r)            
  22 = NA (n)                  828 = C126CO2H (r)           1634 = HOCO3C4OOH (r)         
  23 = dummy (n)               829 = C126NO3 (r)            1635 = C512O (r)              
  24 = H2SO4 (r)               830 = C126OH (r)             1636 = COO2C4OOH (r)          
  25 = SO3 (r)                 831 = C127NO3 (r)            1637 = C510O (r)              
  26 = HOM_O3 (n)              832 = C7PAN3 (r)             1638 = C109OOH (r)            
  27 = HOM_O4 (n)              833 = C128NO3 (r)            1639 = PBZQONE (r)            
  28 = HOM_O5 (n)              834 = C128OH (r)             1640 = C51OOH (r)             
  29 = HOM_O6 (n)              835 = C136PAN (r)            1641 = NPHENOOH (r)           
  30 = HOM_O7 (n)              836 = C136CO2H (r)           1642 = OCCOHCOOH (r)          
  31 = HOM_O8 (n)              837 = C137PAN (r)            1643 = C728OOH (r)            
  32 = HOM_O9 (n)              838 = C137CO2H (r)           1644 = DNPHENOOH (r)          
  33 = HOM_O10 (n)             839 = C137NO3 (r)            1645 = C513OOH (r)            
  34 = HOM_O11 (n)             840 = C137OH (r)             1646 = HYETHO2H (r)           
  35 = HOM_O12 (n)             841 = C139NO3 (r)            1647 = BPINBOOH (r)           
  36 = HOM_O13 (n)             842 = C1310NO3 (r)           1648 = ETHO2HNO3 (r)          
  37 = HOM_O14 (n)             843 = C1310OH (r)            1649 = HCC7CO (r)             
  38 = HOM_O3CBN (n)           844 = APINBO (r)             1650 = C918CO3H (r)           
  39 = HOM_O4CBN (n)           845 = C136NO3 (r)            1651 = NDNPHENOOH (r)         
  40 = HOM_O5CBN (n)           846 = C136OH (r)             1652 = HYPROPO2H (r)          
  41 = HOM_O6CBN (n)           847 = APINBNO3 (r)           1653 = PROPGLY (r)            
  42 = HOM_O7CBN (n)           848 = C1311NO3 (r)           1654 = GAOOB (r)              
  43 = HOM_O8CBN (n)           849 = C1311OH (r)            1655 = PR1O2HNO3 (r)          
  44 = HOM_O9CBN (n)           850 = C1312NO3 (r)           1656 = PRNO3CO3 (r)           
  45 = HOM_O10CBN (n)          851 = C1312OH (r)            1657 = TLEMUCCO (r)           
  46 = HOM_O11CBN (n)          852 = C1010NO3 (r)           1658 = PR2O2HNO3 (r)          
  47 = HOM_O12CBN (n)          853 = C1010OH (r)            1659 = MOCOCH2OOH (r)         
  48 = HOM_O13CBN (n)          854 = C736OH (r)             1660 = C623OOH (r)            
  49 = RHOM_O13 (n)            855 = C522CO2H (r)           1661 = MPRBNO3OOH (r)         
  50 = HOM_NO5 (n)             856 = C146O (r)              1662 = MPRBNO3CO3 (r)         
  51 = HOM_NO6 (n)             857 = C146OH (r)             1663 = HOCHOCOOH (r)          
  52 = HOM_NO7 (n)             858 = C1011PAN (r)           1664 = H13CO2CO3H (r)         
  53 = HOM_NO8 (n)             859 = C1011CO2H (r)          1665 = ACO3H (r)              
  54 = HOM_NO9 (n)             860 = C1011NO3 (r)           1666 = C42AOH (r)             
  55 = HOM_NO10 (n)            861 = C1011OH (r)            1667 = C57O (r)               
  56 = HOM_NO11 (n)            862 = C1012NO3 (r)           1668 = HC4CCO3H (r)           
  57 = HOM_NO12 (n)            863 = C1012OH (r)            1669 = C615CO2OOH (r)         
  58 = HOM_NO13 (n)            864 = C6TRONOHO (r)          1670 = C821OOH (r)            
  59 = HOM_NO14 (n)            865 = C147O (r)              1671 = C719OOH (r)            
  60 = HOM_NO15 (n)            866 = C147OH (r)             1672 = HMVKAOOH (r)           
  61 = HOM20_O5 (n)            867 = C3DIOLO (r)            1673 = C58O (r)               
  62 = HOM20_O6 (n)            868 = C129O (r)              1674 = HC4ACO3H (r)           
  63 = HOM20_O7 (n)            869 = C129OH (r)             1675 = MVKOHBOOH (r)          
  64 = HOM20_O8 (n)            870 = C830PAN (r)            1676 = C131CO2H (r)           
  65 = HOM20_O9 (n)            871 = C830CO2H (r)           1677 = MPAN (r)               
  66 = HOM20_O10 (n)           872 = C830NO3 (r)            1678 = CH2OO (r)              
  67 = HOM20_O11 (n)           873 = C830OH (r)             1679 = ISOP34NO3 (r)          
  68 = HOM20_O12 (n)           874 = C831NO3 (r)            1680 = ISOPDNO3 (r)           
  69 = HOM20_O13 (n)           875 = C831OH (r)             1681 = C57NO3CO3H (r)         
  70 = HOM20_O14 (n)           876 = BCKOOA (r)             1682 = MMALNAPAN (r)          
  71 = HOM20_O15 (n)           877 = C717NO3 (r)            1683 = GLYOOC (r)             
  72 = HOM20_O16 (n)           878 = C148O (r)              1684 = C929CO (r)             
  73 = HOM20_O17 (n)           879 = C148OH (r)             1685 = INCCO (r)              
  74 = HOM20_NO7 (n)           880 = C1013PAN (r)           1686 = C23O3CHO (r)           
  75 = HOM20_NO8 (n)           881 = C1013CO2H (r)          1687 = IEC2OOH (r)            
  76 = HOM20_NO9 (n)           882 = C1013NO3 (r)           1688 = MACRNBCO3H (r)         
  77 = HOM20_NO10 (n)          883 = C1013OH (r)            1689 = IEPOXB (r)             
  78 = HOM20_NO11 (n)          884 = C1014NO3 (r)           1690 = NCRESOOH (r)           
  79 = HOM20_NO12 (n)          885 = C1014OH (r)            1691 = INDHCHO (r)            
  80 = HOM20_NO13 (n)          886 = COO2C4PAN (r)          1692 = C515CHO (r)            
  81 = HOM20_NO14 (n)          887 = COO2C3PAN (r)          1693 = C58NO3CO3H (r)         
  82 = HOM20_NO15 (n)          888 = BCLKAO (r)             1694 = MEKBO2 (r)             
  83 = HOM20_NO16 (n)          889 = C116PAN (r)            1695 = CO12C4CHO (r)          
  84 = HOM20_NO17 (n)          890 = C116CO2H (r)           1696 = BZEMUCCO (r)           
  85 = HOM20_NO18 (n)          891 = C116NO3 (r)            1697 = MEKCO2 (r)             
  86 = HOM20_OH_O6 (n)         892 = C116OH (r)             1698 = C2H5CO3 (r)            
  87 = HOM20_OH_O7 (n)         893 = C117NO3 (r)            1699 = EGLYOX (r)             
  88 = HOM20_OH_O8 (n)         894 = C118NO3 (r)            1700 = NCATECOOH (r)          
  89 = HOM20_OH_O9 (n)         895 = C118OH (r)             1701 = NC4DCO2H (r)           
  90 = HOM20_OH_O10 (n)        896 = C1210CO2H (r)          1702 = C54CO (r)              
  91 = HOM20_OH_O11 (n)        897 = C1211PAN (r)           1703 = NBCO2 (r)              
  92 = HOM20_OH_O12 (n)        898 = C1211CO2H (r)          1704 = HIEB1OOH (r)           
  93 = HOM20_OH_O13 (n)        899 = C1211NO3 (r)           1705 = CH3SO2 (r)             
  94 = HOM20_OH_NO8 (n)        900 = C1211OH (r)            1706 = MNCATECOOH (r)         
  95 = HOM20_OH_NO9 (n)        901 = C107OH (r)             1707 = NC4MDCO2H (r)          
  96 = HOM20_OH_NO10 (n)       902 = C1212NO3 (r)           1708 = INB2OOH (r)            
  97 = HOM20_OH_NO11 (n)       903 = C1213NO3 (r)           1709 = CH3SO3 (r)             
  98 = HOM20_OH_NO12 (n)       904 = C1213OH (r)            1710 = CH3SOO2 (r)            
  99 = HOM20_OH_NO13 (n)       905 = C1210NO3 (r)           1711 = CH3SO2O2 (r)           
 100 = HOM20_OH_NO14 (n)       906 = C1210OH (r)            1712 = MACROHOOH (r)          
 101 = HOM_OH_O4CBN (n)        907 = C1214OH (r)            1713 = C527OOH (r)            
 102 = HOM_OH_O5CBN (n)        908 = C1215NO3 (r)           1714 = MACROOH (r)            
 103 = HOM_OH_O6CBN (n)        909 = C1215OH (r)            1715 = C527O2 (r)             
 104 = HOM_OH_O7CBN (n)        910 = C930NO3 (r)            1716 = BCAO2 (r)              
 105 = HOM_OH_O8CBN (n)        911 = C930OH (r)             1717 = BCBO2 (r)              
 106 = HOM_OH_O9CBN (n)        912 = MOXCOCH2OH (r)         1718 = PXYFUONE (r)           
 107 = HOM_OH_O4 (n)           913 = NC71CO (r)             1719 = C45O2 (r)              
 108 = HOM_OH_O5 (n)           914 = C524NO3 (r)            1720 = M3BU3ECO3 (r)          
 109 = HOM_OH_O6 (n)           915 = C524OH (r)             1721 = NC526OOH (r)           
 110 = HOM_OH_O7 (n)           916 = C525O (r)              1722 = C58AOOH (r)            
 111 = HOM_OH_O8 (n)           917 = NC524NO3 (r)           1723 = C47CO3H (r)            
 112 = HOM_OH_O9 (n)           918 = NC524OH (r)            1724 = C57AOOH (r)            
 113 = HOM_OH_O10 (n)          919 = DNC524CO (r)           1725 = HO1CO24C5 (r)          
 114 = HOM_OH_NO6 (n)          920 = HMVKNGLYOX (r)         1726 = MACRNCO3H (r)          
 115 = HOM_OH_NO7 (n)          921 = HIEPOXB (r)            1727 = IPRHOCO3 (r)           
 116 = HOM_OH_NO8 (n)          922 = HMACO2H (r)            1728 = C55O2 (r)              
 117 = HOM_OH_NO9 (n)          923 = BCALCO (r)             1729 = C67CHO (r)             
 118 = HOM_OH_NO10 (n)         924 = BCLKCO (r)             1730 = C513CO (r)             
 119 = HOM_OH_NO11 (n)         925 = C516O (r)              1731 = NMGLYOX (r)            
 120 = HOM19_O5 (n)            926 = CISOPA (r)             1732 = C58OOH (r)             
 121 = HOM19_O6 (n)            927 = TISOPA (r)             1733 = C133CO (r)             
 122 = HOM19_O7 (n)            928 = CISOPC (r)             1734 = C1211O2 (r)            
 123 = HOM19_O8 (n)            929 = TISOPC (r)             1735 = C6CO2OHCO3 (r)         
 124 = HOM19_O9 (n)            930 = C526NO3 (r)            1736 = INCNCO3 (r)            
 125 = HOM19_O10 (n)           931 = C527NO3 (r)            1737 = NPXYFUO2 (r)           
 126 = HOM19_O11 (n)           932 = HPC52PAN (r)           1738 = BCALBO2 (r)            
 127 = HOM19_O12 (n)           933 = CH2CHCH2NO3 (r)        1739 = HOPINONIC (r)          
 128 = HOM19_O13 (n)           934 = MEKANO3 (r)            1740 = NPTLQO2 (r)            
 129 = HOM19_O14 (n)           935 = C45OOH (r)             1741 = C1313O2 (r)            
 130 = HOM19_O15 (n)           936 = C530NO3 (r)            1742 = COHM2CO2H (r)          
 131 = HOM19_O16 (n)           937 = NC6PAN1 (r)            1743 = C128CO (r)             
 132 = HOM19_O17 (n)           938 = C531CO (r)             1744 = NOPINAO (r)            
 133 = HOM19_O18 (n)           939 = NC41OOA (r)            1745 = INDHPCO3 (r)           
 134 = HOM19_NO8 (n)           940 = C536O (r)              1746 = C732O2 (r)             
 135 = HOM19_NO9 (n)           941 = C537O (r)              1747 = C137O2 (r)             
 136 = HOM19_NO10 (n)          942 = MACRO (r)              1748 = C137CO3 (r)            
 137 = HOM19_NO11 (n)          943 = MACO2H (r)             1749 = C514O2 (r)             
 138 = HOM19_NO12 (n)          944 = NISOPNO3 (r)           1750 = CHOC2CO2H (r)          
 139 = HOM19_NO13 (n)          945 = C108OH (r)             1751 = C811CO3H (r)           
 140 = HOM19_NO14 (n)          946 = C3PAN1 (r)             1752 = OXYL1O2 (r)            
 141 = HOM19_NO15 (n)          947 = HOC2H4CO2H (r)         1753 = C1011O2 (r)            
 142 = HOM19_NO16 (n)          948 = C51NO3 (r)             1754 = CO2N3CO3 (r)           
 143 = HOM19_NO17 (n)          949 = C5PAN2 (r)             1755 = C736O2 (r)             
 144 = HOM19_NO18 (n)          950 = CO2C4CO2H (r)          1756 = C6145COO2 (r)          
 145 = HOM19_OH_O6 (n)         951 = C5PAN9 (r)             1757 = C811OOH (r)            
 146 = HOM19_OH_O7 (n)         952 = C5PAN11 (r)            1758 = INB1NACO3 (r)          
 147 = HOM19_OH_O8 (n)         953 = C6PAN9 (r)             1759 = C629O (r)              
 148 = HOM19_OH_O9 (n)         954 = C3PAN2 (r)             1760 = NCRES1O2 (r)           
 149 = HOM19_OH_O10 (n)        955 = ACCOMEPAN (r)          1761 = DNCRES (r)             
 150 = HOM19_OH_O11 (n)        956 = C5PAN15 (r)            1762 = INB1NBCO3 (r)          
 151 = HOM19_OH_O12 (n)        957 = HM22CO2H (r)           1763 = C520O (r)              
 152 = HOM19_OH_O13 (n)        958 = HOCH2CH2O (r)          1764 = C3DIOLO2 (r)           
 153 = HOM19_OH_O14 (n)        959 = ETHOHNO3 (r)           1765 = INB1HPCO3 (r)          
 154 = HOM19_OH_NO9 (n)        960 = ETHGLY (r)             1766 = C812OOH (r)            
 155 = HOM19_OH_NO10 (n)       961 = CH2OOA (r)             1767 = C831O (r)              
 156 = HOM19_OH_NO11 (n)       962 = ETHENO3O (r)           1768 = BZBIPERO (r)           
 157 = HOM19_OH_NO12 (n)       963 = NO3CH2CO3H (r)         1769 = C813OOH (r)            
 158 = HOM19_OH_NO13 (n)       964 = PRONO3AO (r)           1770 = C1014O (r)             
 159 = HOM19_OH_NO14 (n)       965 = C5PAN18 (r)            1771 = COO2C4CHO (r)          
 160 = HOM18_O4 (n)            966 = C720NO3 (r)            1772 = C830O2 (r)             
 161 = HOM18_O5 (n)            967 = PRNO3CO3H (r)          1773 = C830CO3 (r)            
 162 = HOM18_O6 (n)            968 = PRONO3BO (r)           1774 = TLFUO2 (r)             
 163 = HOM18_O7 (n)            969 = PROLNO3 (r)            1775 = NC728O2 (r)            
 164 = HOM18_O8 (n)            970 = MPRBNO3O (r)           1776 = C118CO (r)             
 165 = HOM18_O9 (n)            971 = C720OH (r)             1777 = PINONIC (r)            
 166 = HOM18_O10 (n)           972 = MPRNO3CO3H (r)         1778 = C718O2 (r)             
 167 = HOM18_O11 (n)           973 = MVKOHAO (r)            1779 = NC623O2 (r)            
 168 = HOM18_O12 (n)           974 = C4PAN10 (r)            1780 = C621O2 (r)             
 169 = HOM18_O13 (n)           975 = ACO2H (r)              1781 = NC71O2 (r)             
 170 = HOM18_O14 (n)           976 = C1210PAN (r)           1782 = C721CO3H (r)           
 171 = HOM18_O15 (n)           977 = MVKOHBO (r)            1783 = C730O2 (r)             
 172 = HOM18_O16 (n)           978 = C522PAN (r)            1784 = C1013O2 (r)            
 173 = HOM18_O17 (n)           979 = HMVKBO (r)             1785 = C1013CO3 (r)           
 174 = HOM18_O18 (n)           980 = C4PAN6 (r)             1786 = NC730O2 (r)            
 175 = HOM18_NO9 (n)           981 = HMGLOOA (r)            1787 = NBCALO2 (r)            
 176 = HOM18_NO10 (n)          982 = BCALBOC (r)            1788 = MOXYCOCHO (r)          
 177 = HOM18_NO11 (n)          983 = C514OH (r)             1789 = NC1313O2 (r)           
 178 = HOM18_NO12 (n)          984 = C514O (r)              1790 = H3C2C4CO2H (r)         
 179 = HOM18_NO13 (n)          985 = C620O (r)              1791 = C722OOH (r)            
 180 = HOM18_NO14 (n)          986 = IEPOXC (r)             1792 = IECCO3 (r)             
 181 = HOM18_NO15 (n)          987 = INANCHO (r)            1793 = IECCHO (r)             
 182 = HOM18_NO16 (n)          988 = INAHPCHO (r)           1794 = CHOMOHCO3 (r)          
 183 = HOM18_NO17 (n)          989 = INAHCHO (r)            1795 = CATEC1O2 (r)           
 184 = HOM18_NO18 (n)          990 = C6H5CH2O (r)           1796 = NCATECHOL (r)          
 185 = HOM18_NO19 (n)          991 = INAHPAN (r)            1797 = HMACRO2 (r)            
 186 = HOM18_OH_O5 (n)         992 = INANCOPAN (r)          1798 = MCATEC1O2 (r)          
 187 = HOM18_OH_O6 (n)         993 = INB1NACHO (r)          1799 = IEACO3 (r)             
 188 = HOM18_OH_O7 (n)         994 = INB1NBCHO (r)          1800 = IEACHO (r)             
 189 = HOM18_OH_O8 (n)         995 = MACRNPAN (r)           1801 = HPC52CO3 (r)           
 190 = HOM18_OH_O9 (n)         996 = INB1HPCHO (r)          1802 = PXYFUO2 (r)            
 191 = HOM18_OH_O10 (n)        997 = C57NO3PAN (r)          1803 = NC51O2 (r)             
 192 = HOM18_OH_O11 (n)        998 = MACRNOOA (r)           1804 = CO235C6O2 (r)          
 193 = HOM18_OH_O12 (n)        999 = INCNPAN (r)            1805 = C530O2 (r)             
 194 = HOM18_OH_O13 (n)       1000 = INDHPCHO (r)           1806 = ME3BU3ECHO (r)         
 195 = HOM18_OH_O14 (n)       1001 = INDHPPAN (r)           1807 = NC72O2 (r)             
 196 = HOM18_OH_NO10 (n)      1002 = INDHPAN (r)            1808 = NC61CO3 (r)            
 197 = HOM18_OH_NO11 (n)      1003 = C58NO3PAN (r)          1809 = C619O2 (r)             
 198 = HOM18_OH_NO12 (n)      1004 = C514CO23OH (r)         1810 = H3C25CCO2H (r)         
 199 = HOM18_OH_NO13 (n)      1005 = C96OH (r)              1811 = NBZFUO2 (r)            
 200 = HOM18_OH_NO14 (n)      1006 = MGLOOB (r)             1812 = C533O2 (r)             
 201 = HOM18_OH_NO15 (n)      1007 = MMALANHY (r)           1813 = C1211CO3 (r)           
 202 = DiEstC20O7 (n)         1008 = C817OH (r)             1814 = C727CO (r)             
 203 = DiEstC20O6 (n)         1009 = C4M2AL2OH (r)          1815 = C728O2 (r)             
 204 = DiEstC19O8 (n)         1010 = C622O (r)              1816 = BCALO2 (r)             
 205 = DiEstC19O7 (n)         1011 = C517O (r)              1817 = PBZQO2 (r)             
 206 = DiEstC19O6 (n)         1012 = TLEMUCOH (r)           1818 = C131CO (r)             
 207 = DiEstC18NO10 (n)       1013 = C615CO2OH (r)          1819 = PTLQO2 (r)             
 208 = DiEstC18NO8 (n)        1014 = LIMALBOH (r)           1820 = NC4CO3 (r)             
 209 = DiEstC18O9 (n)         1015 = C614OH (r)             1821 = MC3ODBCO2H (r)         
 210 = DiEstC18O8_1 (n)       1016 = C614O (r)              1822 = PHENO2 (r)             
 211 = DiEstC18O8_2 (n)       1017 = TLFUO (r)              1823 = C67CO3 (r)             
 212 = DiEstC18O8_3 (n)       1018 = C826O (r)              1824 = NPHEN1O2 (r)           
 213 = DiEstC18O7_1 (n)       1019 = C625OH (r)             1825 = DNPHEN (r)             
 214 = DiEstC18O7_2 (n)       1020 = C926O (r)              1826 = CRESO2 (r)             
 215 = DiEstC18O7_3 (n)       1021 = C926OH (r)             1827 = BIACETOOH (r)          
 216 = DiEstC18O6_1 (n)       1022 = C627OH (r)             1828 = IBUTOLBO2 (r)          
 217 = DiEstC18O6_2 (n)       1023 = LMLKBOH (r)            1829 = C5CO2OHCO3 (r)         
 218 = DiEstC17O8_1 (n)       1024 = NCRESOH (r)            1830 = MACRNCO2H (r)          
 219 = DiEstC17O8_2 (n)       1025 = NCRESO (r)             1831 = NBZQO2 (r)             
 220 = DiEstC17O7 (n)         1026 = C59O (r)               1832 = C623O2 (r)             
 221 = DiEstC15O9 (n)         1027 = MSA (r)                1833 = C6CO4DB (r)            
 222 = DiEstC15O7 (n)         1028 = DMSO2OH (r)            1834 = CONM2CO3H (r)          
 223 = DiEstC14O8 (n)         1029 = HOHOC4DIAL (r)         1835 = CHOPRNO3 (r)           
 224 = DiEstC14O7 (n)         1030 = C144O (r)              1836 = C143O (r)              
 225 = DiEstC13O6 (n)         1031 = C145O (r)              1837 = BZFUO2 (r)             
 226 = O (r)                  1032 = BUT2OLO (r)            1838 = C4CO2DBCO3 (r)         
 227 = N2O5 (r)               1033 = PXYFUO (r)             1839 = MPRBNO3O2 (r)          
 228 = HONO (r)               1034 = C133OH (r)             1840 = MPRBNO3CHO (r)         
 229 = HSO3 (r)               1035 = C829OH (r)             1841 = H13CO2CO3 (r)          
 230 = CH3O2NO2 (r)           1036 = C126CO (r)             1842 = C630O2 (r)             
 231 = RHOM_O4 (r)            1037 = C126OOH (r)            1843 = INANCO3 (r)            
 232 = RHOM_O5 (r)            1038 = C128O (r)              1844 = NTLFUO2 (r)            
 233 = RHOM_O6 (r)            1039 = BCALBOH (r)            1845 = MNCATECH (r)           
 234 = RHOM_O7 (r)            1040 = C9DC (r)               1846 = CRESOL (r)             
 235 = RHOM_O8 (r)            1041 = C1310O (r)             1847 = C151O2 (r)             
 236 = RHOM_O9 (r)            1042 = MEKCOH (r)             1848 = C33CO (r)              
 237 = RHOM_O10 (r)           1043 = C1312O (r)             1849 = C7CO4DB (r)            
 238 = RHOM_O11 (r)           1044 = C615O (r)              1850 = C5CO2DBCO3 (r)         
 239 = RHOM_O12 (r)           1045 = MALANHY (r)            1851 = C312COCO3 (r)          
 240 = RHOM_OH_O4 (r)         1046 = C1011CO (r)            1852 = CHOCOCH2O2 (r)         
 241 = RHOM_OH_O5 (r)         1047 = C1011OOH (r)           1853 = C629OOH (r)            
 242 = RHOM_OH_O6 (r)         1048 = C1012CO (r)            1854 = C129O2 (r)             
 243 = RHOM_OH_O7 (r)         1049 = C615OH (r)             1855 = C520OOH (r)            
 244 = RHOM_OH_O8 (r)         1050 = C830CO (r)             1856 = C615CO (r)             
 245 = PROPALO (r)            1051 = C830OOH (r)            1857 = INB2O2 (r)             
 246 = NC4DCO2 (r)            1052 = C1013CO (r)            1858 = NAPINBOOH (r)          
 247 = NC4MDCO2 (r)           1053 = C1013OOH (r)           1859 = C5DICAROOH (r)         
 248 = C8BC (r)               1054 = BZEMUCOH (r)           1860 = BENZAL (r)             
 249 = LIMALOOA (r)           1055 = C1313O (r)             1861 = C6H5CO3 (r)            
 250 = C628OOA (r)            1056 = C116CO (r)             1862 = C6H5O2 (r)             
 251 = C629OOA (r)            1057 = C116OOH (r)            1863 = PHENOL (r)             
 252 = C520OOA (r)            1058 = C118O (r)              1864 = NPHENO2 (r)            
 253 = C735OOA (r)            1059 = C616OH (r)             1865 = CATECHOL (r)           
 254 = PGAOOB (r)             1060 = BCLKBOH (r)            1866 = NCATECO2 (r)           
 255 = PPACLOOA (r)           1061 = C1213O (r)             1867 = NNCATECO2 (r)          
 256 = PACLOOA (r)            1062 = C1215O (r)             1868 = TOL1OHNO2 (r)          
 257 = PPGAOOB (r)            1063 = C88CO (r)              1869 = DNCRESO2 (r)           
 258 = RHOM_O3 (r)            1064 = C88OOH (r)             1870 = NDNCRESO2 (r)          
 259 = CARENE (r)             1065 = C524O (r)              1871 = HOC6H4NO2 (r)          
 260 = C51OH (r)              1066 = C718OH (r)             1872 = DNPHENO2 (r)           
 261 = CH3CHOO (r)            1067 = C718O (r)              1873 = NDNPHENO2 (r)          
 262 = MGLYOO (r)             1068 = HPNC524CO (r)          1874 = NC524OOH (r)           
 263 = ACLOO (r)              1069 = C5DIALOH (r)           1875 = MALDIALOOH (r)         
 264 = NOAOOA (r)             1070 = HMPAN (r)              1876 = HOCOC4DIAL (r)         
 265 = NOAOO (r)              1071 = BCALCOH (r)            1877 = TLBIPERO2 (r)          
 266 = HO1CO3C4O (r)          1072 = BCLKCOH (r)            1878 = PHENO (r)              
 267 = MEKBO (r)              1073 = C617OH (r)             1879 = MALDALCO2H (r)         
 268 = MEKCO (r)              1074 = CISOPAO (r)            1880 = MALDIALCO2 (r)         
 269 = CHOC3COO (r)           1075 = HVMK (r)               1881 = MVKO2 (r)              
 270 = CHOCOCH2O (r)          1076 = CH2CHCH2O (r)          1882 = VGLYOX (r)             
 271 = IPROPOLO (r)           1077 = C530O (r)              1883 = ACO3 (r)               
 272 = IBUTOLBO (r)           1078 = C532CO (r)             1884 = C534OOH (r)            
 273 = TBUTOLO (r)            1079 = C31PAN (r)             1885 = HPC52OOH (r)           
 274 = C6145COO (r)           1080 = C47PAN (r)             1886 = NC526O2 (r)            
 275 = CHOCOMOXO (r)          1081 = C513O (r)              1887 = C536OOH (r)            
 276 = MCOCOMOXO (r)          1082 = NISOPO (r)             1888 = C537OOH (r)            
 277 = MECOACETO (r)          1083 = C51O (r)               1889 = MACO3H (r)             
 278 = H3C25C6O (r)           1084 = C512OH (r)             1890 = C141CO2H (r)           
 279 = C85O (r)               1085 = HOCH2CO2H (r)          1891 = H2M2C3CHO (r)          
 280 = C86O (r)               1086 = C720O (r)              1892 = C2H4 (r)               
 281 = CO235C6O (r)           1087 = PROPOLNO3 (r)          1893 = MCATECHOL (r)          
 282 = NAPINAO (r)            1088 = C717OH (r)             1894 = MNCATECO2 (r)          
 283 = NC101O (r)             1089 = C717O (r)              1895 = MNNCATECO2 (r)         
 284 = NC102O (r)             1090 = ACRPAN (r)             1896 = HCOCO (r)              
 285 = NC72O (r)              1091 = C719O (r)              1897 = NCRESO2 (r)            
 286 = C920O (r)              1092 = C5PAN19 (r)            1898 = MACRNB (r)             
 287 = C921O (r)              1093 = HMVKAO (r)             1899 = C831O2 (r)             
 288 = C922O (r)              1094 = C5PAN17 (r)            1900 = BZEMUCCO3 (r)          
 289 = H1C23C4O (r)           1095 = C920CO3H (r)           1901 = BZEPOXMUC (r)          
 290 = MOCOCH2O (r)           1096 = C2OHOCOOH (r)          1902 = C5DIALO2 (r)           
 291 = MALANHYO (r)           1097 = PHENOOH (r)            1903 = C735O2 (r)             
 292 = PBZQO (r)              1098 = IEACO3H (r)            1904 = BCLKBO2 (r)            
 293 = PTLQO (r)              1099 = IECCO3H (r)            1905 = BZEMUCO (r)            
 294 = BZFUONOOA (r)          1100 = INAO (r)               1906 = C616O2 (r)             
 295 = NBZQO (r)              1101 = HC23C4CO3H (r)         1907 = MMALNACO3H (r)         
 296 = NTLFUO (r)             1102 = BZFUCO (r)             1908 = MMALNACO2H (r)         
 297 = TLFUONOOA (r)          1103 = INANCO3H (r)           1909 = C519CHO (r)            
 298 = NPTLQO (r)             1104 = INB1GLYOX (r)          1910 = C6TRONOHO2 (r)         
 299 = NPXYFUO (r)            1105 = INAHPCO2H (r)          1911 = C928O2 (r)             
 300 = C914O (r)              1106 = INAHPCO3H (r)          1912 = COHM2CO3H (r)          
 301 = C87O (r)               1107 = INAHCO2H (r)           1913 = C1011CO3 (r)           
 302 = C88O (r)               1108 = C6H5CH2OOH (r)         1914 = C827O2 (r)             
 303 = C618O (r)              1109 = C920OOH (r)            1915 = C828CO3 (r)            
 304 = C619O (r)              1110 = CONM2PAN (r)           1916 = C828O2 (r)             
 305 = NBPINAO (r)            1111 = C57NO3CO2H (r)         1917 = CHOC3COO2 (r)          
 306 = NBPINBO (r)            1112 = C89CO3H (r)            1918 = MALANHYO2 (r)          
 307 = NOPINDO (r)            1113 = INCO (r)               1919 = C734O2 (r)             
 308 = C515O (r)              1114 = C921OOH (r)            1920 = C1213O2 (r)            
 309 = C721O (r)              1115 = INCGLYOX (r)           1921 = C1212O2 (r)            
 310 = C722O (r)              1116 = INCNCO3H (r)           1922 = CO14O3CHO (r)          
 311 = NC2OOA (r)             1117 = C312COCO3H (r)         1923 = COO2C3CO3 (r)          
 312 = NC3OOA (r)             1118 = ALCOCH2OOH (r)         1924 = MOCOCH2O2 (r)          
 313 = NC3OO (r)              1119 = TLBIPEROOH (r)         1925 = C721OOH (r)            
 314 = NC4OOA (r)             1120 = C89OOH (r)             1926 = C1215O2 (r)            
 315 = NC4OO (r)              1121 = INDHPCO3H (r)          1927 = C1214O2 (r)            
 316 = INB1HPCO2H (r)         1122 = C810OOH (r)            1928 = MGLYOOA (r)            
 317 = LIMALBO (r)            1123 = CO2N3CO3H (r)          1929 = COO2C4CO3 (r)          
 318 = C627O (r)              1124 = C58NO3CO2H (r)         1930 = COO2C4O2 (r)           
 319 = LMKOOA (r)             1125 = C922OOH (r)            1931 = COO2C3CHO (r)          
 320 = LMKOOB (r)             1126 = INB1NACO3H (r)         1932 = C1014O2 (r)            
 321 = LMLKBO (r)             1127 = INB1NBCO3H (r)         1933 = MC3CODBCO2 (r)         
 322 = NLIMO (r)              1128 = INB1HPCO3H (r)         1934 = NORLIMAL (r)           
 323 = NLIMALO (r)            1129 = PERPINONIC (r)         1935 = NBCKO2 (r)             
 324 = NLMKAO (r)             1130 = LIMAOH (r)             1936 = C624CO (r)             
 325 = NC728O (r)             1131 = C5CO14OOH (r)          1937 = C614O2 (r)             
 326 = NC623O (r)             1132 = C5DICARBO (r)          1938 = MMALANHYO2 (r)         
 327 = NC730O (r)             1133 = C514OOH (r)            1939 = HMVKBCO3 (r)           
 328 = HODMSO2 (r)            1134 = C923CO3H (r)           1940 = C44OOH (r)             
 329 = DMSO2 (r)              1135 = C923OOH (r)            1941 = C617O2 (r)             
 330 = CH3SCH2O (r)           1136 = MMALNHYOOH (r)         1942 = C617CO3 (r)            
 331 = DMSO (r)               1137 = C816CO3H (r)           1943 = C46CO3 (r)             
 332 = C630O (r)              1138 = C816O (r)              1944 = C618CO3 (r)            
 333 = C828O (r)              1139 = C817CO3H (r)           1945 = BCKBO2 (r)             
 334 = C521O (r)              1140 = C817OOH (r)            1946 = HIEB2O2 (r)            
 335 = BCALBO (r)             1141 = C727CO3H (r)           1947 = HMACO3 (r)             
 336 = C736O (r)              1142 = NPHEN1OOH (r)          1948 = MMALNBCO3H (r)         
 337 = BCKSZOO (r)            1143 = C622CO3H (r)           1949 = BCKAO2 (r)             
 338 = BCALOOA (r)            1144 = C622OOH (r)            1950 = BCALCO2 (r)            
 339 = BCALOO (r)             1145 = C97OOH (r)             1951 = MMALNBCO2H (r)         
 340 = C141OOA (r)            1146 = C517CO3H (r)           1952 = C136O2 (r)             
 341 = C141OO (r)             1147 = C517OOH (r)            1953 = C3MDIALO2 (r)          
 342 = BCBOOA (r)             1148 = TLEMUCOOH (r)          1954 = BCLKCO2 (r)            
 343 = BCBOCOO (r)            1149 = C518CO3H (r)           1955 = C816CO (r)             
 344 = C126OOA (r)            1150 = TLEMUCCO3H (r)         1956 = C1012O (r)             
 345 = C126OO (r)             1151 = HMVKBCO3H (r)          1957 = C516OOH (r)            
 346 = BCLKBO (r)             1152 = TLEMUCCO2H (r)         1958 = C515O2 (r)             
 347 = C1214O (r)             1153 = C98OOH (r)             1959 = C515CO3 (r)            
 348 = NBCO (r)               1154 = LMKAOH (r)             1960 = C517O2 (r)             
 349 = NBCALO (r)             1155 = C6125CO (r)            1961 = C517CO3 (r)            
 350 = NBCKO (r)              1156 = LIMALBOOH (r)          1962 = C89CO2H (r)            
 351 = NC1313O (r)            1157 = LIMALBCO (r)           1963 = EPXDLCO3 (r)           
 352 = HMGLYOOA (r)           1158 = C822CO3H (r)           1964 = C518CO3 (r)            
 353 = HMGLYOO (r)            1159 = C822CO2 (r)            1965 = INAHCO3 (r)            
 354 = ISOP34O (r)            1160 = C823CO3H (r)           1966 = C126O2 (r)             
 355 = MVKO (r)               1161 = C823OOH (r)            1967 = A2PANOO (r)            
 356 = NC51O (r)              1162 = C825CO (r)             1968 = C622O2 (r)             
 357 = CO2C3OOB (r)           1163 = C822OOH (r)            1969 = C620O2 (r)             
 358 = M3FOOA (r)             1164 = C824CO (r)             1970 = C116O2 (r)             
 359 = M3FOO (r)              1165 = C729CO3H (r)           1971 = CO25C6CO3 (r)          
 360 = C531O (r)              1166 = C729CO2H (r)           1972 = C627O2 (r)             
 361 = NC41OO (r)             1167 = PINALOOH (r)           1973 = INAHPCO3 (r)           
 362 = C55O (r)               1168 = C729OOH (r)            1974 = C513O2 (r)             
 363 = BIACETO (r)            1169 = C624CO3H (r)           1975 = C628O2 (r)             
 364 = HYPROPO (r)            1170 = MCATEC1OOH (r)         1976 = ACRO2 (r)              
 365 = PRNO3CO2H (r)          1171 = C624OOH (r)            1977 = CO25C6CHO (r)          
 366 = IBUTOLBNO3 (r)         1172 = C106OOH (r)            1978 = INDHCO3 (r)            
 367 = MPRNO3CO2H (r)         1173 = NCRES1OOH (r)          1979 = C510O2 (r)             
 368 = GLYOOB (r)             1174 = C626CO3H (r)           1980 = C521O2 (r)             
 369 = HMGLOO (r)             1175 = C626CO2H (r)           1981 = C1310O2 (r)            
 370 = APINCOH (r)            1176 = MNCATECO (r)           1982 = C139O2 (r)             
 371 = C719NO3 (r)            1177 = C626OOH (r)            1983 = TLEMUCCO3 (r)          
 372 = C719OH (r)             1178 = C519CO3H (r)           1984 = C615CO2O2 (r)          
 373 = HO2NO2 (r)             1179 = C511CO3H (r)           1985 = C135O2 (r)             
 374 = CO2C4DIAL (r)          1180 = C918OOH (r)            1986 = ACCOMECO3 (r)          
 375 = CATECOOA (r)           1181 = CATEC1OOH (r)          1987 = MECOACETO2 (r)         
 376 = PHENOH (r)             1182 = CO25C6CO3H (r)         1988 = ACCOMECHO (r)          
 377 = MMALNHY2OH (r)         1183 = CO25C6CO2H (r)         1989 = C720O2 (r)             
 378 = MMALANHYO (r)          1184 = C627OOH (r)            1990 = TLEMUCO (r)            
 379 = TLFUOH (r)             1185 = C919OOH (r)            1991 = C733O2 (r)             
 380 = MCATECOOA (r)          1186 = CHOC2CO3H (r)          1992 = HM22CO3 (r)            
 381 = CRESOH (r)             1187 = LMLKBOOH (r)           1993 = C126CO3 (r)            
 382 = NBZFUONE (r)           1188 = LMLKBCO (r)            1994 = C145O2 (r)             
 383 = BZFUONOO (r)           1189 = C731CO3H (r)           1995 = ETHENO3O2 (r)          
 384 = CO14O3CO2H (r)         1190 = C731CO2 (r)            1996 = H1C23C4O2 (r)          
 385 = TLFUONOO (r)           1191 = BZBIPEROOH (r)         1997 = H1C23C4CO3 (r)         
 386 = C24O3CCO2H (r)         1192 = C732CO3H (r)           1998 = C142O2 (r)             
 387 = PXYFUOH (r)            1193 = CRESOOH (r)            1999 = HYPROPO2 (r)           
 388 = C9DCO (r)              1194 = C732OOH (r)            2000 = IPROPOLO2 (r)          
 389 = CO1M22PAN (r)          1195 = C734CO (r)             2001 = CH3CHOHCHO (r)         
 390 = NOPINBO (r)            1196 = C731OOH (r)            2002 = PRONO3AO2 (r)          
 391 = C617O (r)              1197 = C733CO (r)             2003 = PRONO3BO2 (r)          
 392 = NOPINCOH (r)           1198 = NLIMOOH (r)            2004 = CONM2CO2H (r)          
 393 = C917OH (r)             1199 = NLIMALOOH (r)          2005 = C116CO3 (r)            
 394 = BPINCOH (r)            1200 = NLMKAOOH (r)           2006 = C615O2 (r)             
 395 = C8BCO (r)              1201 = NC728OOH (r)           2007 = C1312O2 (r)            
 396 = C811O (r)              1202 = IPROPOLPER (r)         2008 = C1010O2 (r)            
 397 = GAOO (r)               1203 = NC623OOH (r)           2009 = C1311O2 (r)            
 398 = OCCOHCO (r)            1204 = H3C2C4CO3H (r)         2010 = CO23C4NO3 (r)          
 399 = IEB1CHO (r)            1205 = NC826OOH (r)           2011 = C511CO3 (r)            
 400 = IEB4CHO (r)            1206 = NC730OOH (r)           2012 = IBUTALCO2 (r)          
 401 = INANCOCHO (r)          1207 = IBUTOLBO2H (r)         2013 = C719O2 (r)             
 402 = INAHPPAN (r)           1208 = CH3SCH2OOH (r)         2014 = ISOPAOH (r)            
 403 = NC2OO (r)              1209 = CH3SCHO (r)            2015 = C522CO3 (r)            
 404 = INB2O (r)              1210 = IBUTOLOHB (r)          2016 = C144O2 (r)             
 405 = MACRNOO (r)            1211 = H3C25CCO3H (r)         2017 = INB1NO3 (r)            
 406 = CO2N3PAN (r)           1212 = CH3SOOOH (r)           2018 = C526O2 (r)             
 407 = INB1HPPAN (r)          1213 = CH3SO2OOH (r)          2019 = C535OOH (r)            
 408 = LIMANO3 (r)            1214 = CH3SO2CHO (r)          2020 = INAOOH (r)             
 409 = LIMCNO3 (r)            1215 = BCAOH (r)              2021 = CRESO (r)              
 410 = LIMALNO3 (r)           1216 = NBZFUO (r)             2022 = C5CO14OH (r)           
 411 = C923O (r)              1217 = H3C25C6OOH (r)         2023 = C536O2 (r)             
 412 = C817O (r)              1218 = CO2C3CO3H (r)          2024 = C537O2 (r)             
 413 = C728NO3 (r)            1219 = C141CO3H (r)           2025 = C59OOH (r)             
 414 = C623NO3 (r)            1220 = C141OOH (r)            2026 = BZBIPERO2 (r)          
 415 = LMKANO3 (r)            1221 = C142OOH (r)            2027 = PE4E2CO (r)            
 416 = CH3O (r)               1222 = NBZQOOH (r)            2028 = C4CO2O2 (r)            
 417 = CH3NO3 (r)             1223 = C143OOH (r)            2029 = C51O2 (r)              
 418 = C823O (r)              1224 = C927OOH (r)            2030 = CO24C4CHO (r)          
 419 = C822O (r)              1225 = C630OOH (r)            2031 = C828CHO (r)            
 420 = C729O (r)              1226 = C46CO3H (r)            2032 = HCOCO2H (r)            
 421 = C826NO3 (r)            1227 = NTLFUOOH (r)           2033 = COHM2CO3 (r)           
 422 = C730NO3 (r)            1228 = C515CO3H (r)           2034 = MALDIALCO3 (r)         
 423 = C626O (r)              1229 = C515OOH (r)            2035 = C23O3CCO3 (r)          
 424 = C511CHO (r)            1230 = C928CO3H (r)           2036 = MCOCOMOXO2 (r)         
 425 = C510OH (r)             1231 = APINBOH (r)            2037 = C23O3CCHO (r)          
 426 = LMKBOO (r)             1232 = IBUTALO2H (r)          2038 = HIEB1O2 (r)            
 427 = C732O (r)              1233 = C928OOH (r)            2039 = CO1M22CO3 (r)          
 428 = C731O (r)              1234 = NPTLQOOH (r)           2040 = CO1M22CHO (r)          
 429 = NLIMALOH (r)           1235 = C827CO3H (r)           2041 = C128O2 (r)             
 430 = IPROPOLPAN (r)         1236 = C828CO3H (r)           2042 = CHOC2H4O2 (r)          
 431 = NC728OH (r)            1237 = C828OOH (r)            2043 = C534O2 (r)             
 432 = NC623OH (r)            1238 = BCKAOH (r)             2044 = C629O2 (r)             
 433 = NC730OH (r)            1239 = NC4CO2H (r)            2045 = HPC52O2 (r)            
 434 = MGLOOA (r)             1240 = C131CO3H (r)           2046 = C3MCODBCO3 (r)         
 435 = TBUTOLNO3 (r)          1241 = C131OOH (r)            2047 = TLFUONE (r)            
 436 = CH3SOO (r)             1242 = C132OOH (r)            2048 = C118O2 (r)             
 437 = BCANO3 (r)             1243 = C133OOH (r)            2049 = H1C23C4CHO (r)         
 438 = BCCNO3 (r)             1244 = C829OOH (r)            2050 = TLEPOXMUC (r)          
 439 = BCALNO3 (r)            1245 = C521OOH (r)            2051 = C131O2 (r)             
 440 = C141O (r)              1246 = C23O3CCO3H (r)         2052 = H3C25C6CO3 (r)         
 441 = C142OH (r)             1247 = MALDALCO3H (r)         2053 = INDOOH (r)             
 442 = C927OH (r)             1248 = CH3OOH (r)             2054 = C519O2 (r)             
 443 = C145OH (r)             1249 = C510OOH (r)            2055 = CONM2CHO (r)           
 444 = C928O (r)              1250 = C85CO3H (r)            2056 = C47CO3 (r)             
 445 = C827O (r)              1251 = BCSOZOOH (r)           2057 = C88CHO (r)             
 446 = C827OH (r)             1252 = NPXYFUOOH (r)          2058 = C58NO3CO3 (r)          
 447 = C3ME3CHOO (r)          1253 = OXYL1OOH (r)           2059 = NC524O2 (r)            
 448 = BCKANO3 (r)            1254 = C151OOH (r)            2060 = C624O2 (r)             
 449 = C131O (r)              1255 = C86OOH (r)             2061 = C625O2 (r)             
 450 = C132OH (r)             1256 = C152OOH (r)            2062 = MACRO2 (r)             
 451 = C132O (r)              1257 = C126CO3H (r)           2063 = C5CO14O2 (r)           
 452 = BCSOZNO3 (r)           1258 = BPINAOH (r)            2064 = CHOC2CO3 (r)           
 453 = C151NO3 (r)            1259 = C127OOH (r)            2065 = TBUTOLO2 (r)           
 454 = C152NO3 (r)            1260 = BCALBOOH (r)           2066 = H2M2C3CO3 (r)          
 455 = C126O (r)              1261 = BCALBCO (r)            2067 = MIBKHO4CHO (r)         
 456 = C127OH (r)             1262 = C136CO3H (r)           2068 = TLEMUCO2 (r)           
 457 = C137O (r)              1263 = C136CO2 (r)            2069 = EPXC4DIAL (r)          
 458 = C139OH (r)             1264 = NCATECO (r)            2070 = C3DIALO2 (r)           
 459 = C136O (r)              1265 = C137CO3H (r)           2071 = BZEMUCO2 (r)           
 460 = C1311O (r)             1266 = NOPINAOOH (r)          2072 = C32OH13CO (r)          
 461 = C1010O (r)             1267 = C235C6CO3H (r)         2073 = MALDIALO2 (r)          
 462 = PAN (r)                1268 = H1CO23CHO (r)          2074 = HCOCOHCO3 (r)          
 463 = C1011O (r)             1269 = H14CO23C4 (r)          2075 = HCOCH2CO2H (r)         
 464 = C830O (r)              1270 = C137OOH (r)            2076 = C618O2 (r)             
 465 = BCKAOO (r)             1271 = C139OOH (r)            2077 = C5134CO2OH (r)         
 466 = BCKBOO (r)             1272 = CO235C6OOH (r)         2078 = CO13C4OH (r)           
 467 = C1013O (r)             1273 = C136OOH (r)            2079 = C141CO (r)             
 468 = C1313NO3 (r)           1274 = C1311OOH (r)           2080 = NO3CH2CO3 (r)          
 469 = C1313OH (r)            1275 = C1010OOH (r)           2081 = C143O2 (r)             
 470 = C116O (r)              1276 = C3M3CHOOOH (r)         2082 = C5CO14CO2 (r)          
 471 = C117OH (r)             1277 = C736OOH (r)            2083 = C930O2 (r)             
 472 = C1211O (r)             1278 = C522CO3H (r)           2084 = NC71O (r)              
 473 = C1212OH (r)            1279 = MALANHYOOH (r)         2085 = MVKOHAO2 (r)           
 474 = C1210O (r)             1280 = C1011CO3H (r)          2086 = C616O (r)              
 475 = C930O (r)              1281 = C87CO3H (r)            2087 = C731O2 (r)             
 476 = NBCALOH (r)            1282 = C87CO2H (r)            2088 = MVKOHBO2 (r)           
 477 = NC1313OH (r)           1283 = C87OOH (r)             2089 = MACROHO2 (r)           
 478 = PPN (r)                1284 = C1012OOH (r)           2090 = IBUTALOH (r)           
 479 = CO2C3CO2H (r)          1285 = C6145COOOH (r)         2091 = C615CO3 (r)            
 480 = METACETHO (r)          1286 = C615CO3H (r)           2092 = C617CHO (r)            
 481 = C45O (r)               1287 = C615CO2H (r)           2093 = NC91CHO (r)            
 482 = C45NO3 (r)             1288 = C147CO (r)             2094 = BCALAO2 (r)            
 483 = M3BU3EPAN (r)          1289 = C147OOH (r)            2095 = C520O2 (r)             
 484 = HC4PAN (r)             1290 = C830CO3H (r)           2096 = INCOOH (r)             
 485 = MAE (r)                1291 = CO1M22CO3H (r)         2097 = MACRNBCO3 (r)          
 486 = C2H5NO3 (r)            1292 = C812OH (r)             2098 = NOA (r)                
 487 = C2H5O (r)              1293 = CO1M22CO2H (r)         2099 = HO1CO3C4O2 (r)         
 488 = C4PAN5 (r)             1294 = C831OOH (r)            2100 = ISOPBOOH (r)           
 489 = PHAN (r)               1295 = NAPINAOOH (r)          2101 = CO2H3CO3H (r)          
 490 = HCOCH2O (r)            1296 = C1013CO3H (r)          2102 = HC4ACO3 (r)            
 491 = NO3CH2PAN (r)          1297 = NAPINBO (r)            2103 = MACROH (r)             
 492 = NO3CH2CO2H (r)         1298 = C1014OOH (r)           2104 = ISOPDOOH (r)           
 493 = PRNO3PAN (r)           1299 = COO2C4CO3H (r)         2105 = HCOC5 (r)              
 494 = M2PROPAL2O (r)         1300 = BZEMUCOOH (r)          2106 = DHPMPAL (r)            
 495 = MPRBNO3PAN (r)         1301 = COO2C3CO3H (r)         2107 = HYPERACET (r)          
 496 = MVKOHANO3 (r)          1302 = C915OOH (r)            2108 = C131CO3 (r)            
 497 = ISOPAO (r)             1303 = C116CO3H (r)           2109 = C928CO3 (r)            
 498 = C57OH (r)              1304 = C916OOH (r)            2110 = C512CO3 (r)            
 499 = ISOPBOH (r)            1305 = C107OOH (r)            2111 = C626CO3 (r)            
 500 = C58OH (r)              1306 = C616OOH (r)            2112 = C525O2 (r)             
 501 = ISOPDO (r)             1307 = C117OOH (r)            2113 = H13CO2C3 (r)           
 502 = C107O (r)              1308 = BCLKBOOH (r)           2114 = CO2C3CO3 (r)           
 503 = C96O (r)               1309 = BCLKBCO (r)            2115 = HO14CO2C4 (r)          
 504 = NOPINCO (r)            1310 = C1210CO3H (r)          2116 = HO1CO34C5 (r)          
 505 = C917O (r)              1311 = C1210CO2 (r)           2117 = CO235C6CO3 (r)         
 506 = C97O (r)               1312 = C1211CO3H (r)          2118 = C511O2 (r)             
 507 = BPINCO (r)             1313 = C1211OOH (r)           2119 = C516O2 (r)             
 508 = C812O (r)              1314 = C1212OOH (r)           2120 = CO13C3CO2H (r)         
 509 = NC826O (r)             1315 = H1C23C4OOH (r)         2121 = C729O2 (r)             
 510 = DMSO2O (r)             1316 = C88CO3H (r)            2122 = MVKOHAOH (r)           
 511 = C142O (r)              1317 = C1210OOH (r)           2123 = CHOC3COCO3 (r)         
 512 = C927O (r)              1318 = BZEMUCCO3H (r)         2124 = C44O2 (r)              
 513 = C127O (r)              1319 = C1214OOH (r)           2125 = CO123C5CHO (r)         
 514 = C139O (r)              1320 = BZEMUCCO2H (r)         2126 = INB1CO (r)             
 515 = BCKOOB (r)             1321 = C930OOH (r)            2127 = C4MALOHOOH (r)         
 516 = C117O (r)              1322 = C718CO3H (r)           2128 = HCOCH2OOH (r)          
 517 = C1212O (r)             1323 = C718CO2H (r)           2129 = C716O2 (r)             
 518 = CO2C3OOA (r)           1324 = NBCOOH (r)             2130 = C136CO3 (r)            
 519 = APINCO (r)             1325 = NBCALOOH (r)           2131 = OCCOHCO2 (r)           
 520 = CH3CHOOA (r)           1326 = C718OOH (r)            2132 = C57AO2 (r)             
 521 = CH3COCH2O (r)          1327 = NBCKOOH (r)            2133 = HMACR (r)              
 522 = C109O (r)              1328 = CH3CO3H (r)            2134 = C727O2 (r)             
 523 = C621O (r)              1329 = NC1313OOH (r)          2135 = M3F (r)                
 524 = H1C23C4PAN (r)         1330 = NC101OOH (r)           2136 = C133O2 (r)             
 525 = C920PAN (r)            1331 = C524CO (r)             2137 = C133O (r)              
 526 = BZBIPERNO3 (r)         1332 = HIEB1O (r)             2138 = MALDIAL (r)            
 527 = BZBIPER2OH (r)         1333 = HIEB2O (r)             2139 = BZFUONE (r)            
 528 = MALDIALO (r)           1334 = ALCOMOXOOH (r)         2140 = C134O2 (r)             
 529 = MALDIALPAN (r)         1335 = C6H5CO3H (r)           2141 = C827CO3 (r)            
 530 = HCOCOHPAN (r)          1336 = C617CO3H (r)           2142 = NO3CH2CHO (r)          
 531 = MALANHY2OH (r)         1337 = NC102OOH (r)           2143 = CH2OOB (r)             
 532 = MALNHYOHCO (r)         1338 = C617CO2H (r)           2144 = MVKOH (r)              
 533 = C3DIALO (r)            1339 = BCALCCO (r)            2145 = H13CO2CHO (r)          
 534 = C5DIALO (r)            1340 = C617OOH (r)            2146 = C3H6 (r)               
 535 = BZEMUCPAN (r)          1341 = BCLKCCO (r)            2147 = C526OOH (r)            
 536 = EPXDLPAN (r)           1342 = C5DIALCO (r)           2148 = HMVKBOOH (r)           
 537 = PBZQOH (r)             1343 = C618CO3H (r)           2149 = HC4CCO3 (r)            
 538 = PBZQCO (r)             1344 = C618CO2H (r)           2150 = HMVKANO3 (r)           
 539 = PBZQOOH (r)            1345 = C618OOH (r)            2151 = C148O2 (r)             
 540 = BZFUO (r)              1346 = ISOP34OOH (r)          2152 = INANCOCO3 (r)          
 541 = BZFUOH (r)             1347 = C526O (r)              2153 = C721O2 (r)             
 542 = NNCATECO (r)           1348 = C527O (r)              2154 = C127O2 (r)             
 543 = DNPHENO (r)            1349 = C534O (r)              2155 = C722O2 (r)             
 544 = NDNPHENO (r)           1350 = MCOCOMOOOH (r)         2156 = H3C2C4CO3 (r)          
 545 = C6H5CH2NO3 (r)         1351 = C535O (r)              2157 = ACR (r)                
 546 = C6H5CH2OH (r)          1352 = HPC52O (r)             2158 = C614CO (r)             
 547 = TLBIPERNO3 (r)         1353 = C108OOH (r)            2159 = C146O2 (r)             
 548 = TLBIPER2OH (r)         1354 = CH2CHCH2OOH (r)        2160 = BCLKAO2 (r)            
 549 = C5COO2NO2 (r)          1355 = NC51OOH (r)            2161 = C829O2 (r)             
 550 = HOCH2COCO2H (r)        1356 = NC71OOH (r)            2162 = CO2N3CHO (r)           
 551 = MC3CODBPAN (r)         1357 = EPXDLCO3H (r)          2163 = HO1CO3CHO (r)          
 552 = C3MCODBPAN (r)         1358 = NC72OOH (r)            2164 = MMALNACO3 (r)          
 553 = C615CO2O (r)           1359 = M3BU3ECO3H (r)         2165 = C524OOH (r)            
 554 = TLEMUCPAN (r)          1360 = EPXDLCO2H (r)          2166 = HOCH2COCHO (r)         
 555 = CO2C3PAN (r)           1361 = NC526O (r)             2167 = C4CO2OOH (r)           
 556 = PTLQOH (r)             1362 = HC4CO3H (r)            2168 = ISOPANO3 (r)           
 557 = PTLQCO (r)             1363 = PERPROACID (r)         2169 = HCOCO3H (r)            
 558 = PTLQOOH (r)            1364 = MECOACEOOH (r)         2170 = INB1OOH (r)            
 559 = MNNCATECO (r)          1365 = C531OOH (r)            2171 = ISOPBNO3 (r)           
 560 = DNCRESO (r)            1366 = C533O (r)              2172 = NORPINAL (r)           
 561 = NDNCRESO (r)           1367 = C58AO (r)              2173 = DHPMEK (r)             
 562 = APINAO (r)             1368 = C57AO (r)              2174 = HOCH2CH2O2 (r)         
 563 = C6CO2OHPAN (r)         1369 = HMML (r)               2175 = MC3CODBCO3 (r)         
 564 = CH3COPAN (r)           1370 = NC61CO3H (r)           2176 = C535O2 (r)             
 565 = C5CO2OHPAN (r)         1371 = NOPINCOOH (r)          2177 = C141CO3 (r)            
 566 = CHOMOHPAN (r)          1372 = NISOPOOH (r)           2178 = C141O2 (r)             
 567 = C3MDIALO (r)           1373 = C917OOH (r)            2179 = C927O2 (r)             
 568 = APINANO3 (r)           1374 = C2H5OOH (r)            2180 = ISOPAOOH (r)           
 569 = C4CO2DBPAN (r)         1375 = HOC2H4CO3H (r)         2181 = NC4CHO (r)             
 570 = C5CO2DBPAN (r)         1376 = C619OOH (r)            2182 = CH3COCO3H (r)          
 571 = C23O3CPAN (r)          1377 = ALLYLOH (r)            2183 = CH3O2 (r)              
 572 = C23O3CCO2H (r)         1378 = CO2C4CO3H (r)          2184 = HCOCO3 (r)             
 573 = BPINAO (r)             1379 = C512CO3H (r)           2185 = C4CODIAL (r)           
 574 = BPINANO3 (r)           1380 = CO23C4CO3H (r)         2186 = CO2H3CO3 (r)           
 575 = NOPINANO3 (r)          1381 = C512CO2H (r)           2187 = CO23C4CO3 (r)          
 576 = NOPINAOH (r)           1382 = H2M2C3CO3H (r)         2188 = C624CO3 (r)            
 577 = C9DCNO3 (r)            1383 = C512OOH (r)            2189 = C519CO3 (r)            
 578 = C9DCOH (r)             1384 = C67CO3H (r)            2190 = C3MDIALOOH (r)         
 579 = C9DCCO (r)             1385 = C55OOH (r)             2191 = C57NO3 (r)             
 580 = C9DCOOH (r)            1386 = IPRHOCO3H (r)          2192 = C827CHO (r)            
 581 = C914OH (r)             1387 = HCOCH2CO3H (r)         2193 = C147O2 (r)             
 582 = C914CO (r)             1388 = BIACET (r)             2194 = INDO2 (r)              
 583 = C914OOH (r)            1389 = HM22CO3H (r)           2195 = C5DICARBO2 (r)         
 584 = C87PAN (r)             1390 = APINCOOH (r)           2196 = C918CHO (r)            
 585 = C87OH (r)              1391 = HOCH2CO3H (r)          2197 = HMVKBCHO (r)           
 586 = C615PAN (r)            1392 = ACCOMECO3H (r)         2198 = C4M2ALOHO2 (r)         
 587 = C96NO3 (r)             1393 = C717OOH (r)            2199 = ISOP34O2 (r)           
 588 = NOPINBNO3 (r)          1394 = BPINCOOH (r)           2200 = C58O2 (r)              
 589 = C915NO3 (r)            1395 = CH2OOC (r)             2201 = TLBIPERO (r)           
 590 = C916O (r)              1396 = CHOC3COOOH (r)         2202 = C5DICARB (r)           
 591 = C916NO3 (r)            1397 = C720OOH (r)            2203 = CH3COCO2H (r)          
 592 = NOPINBOH (r)           1398 = NBPINAOOH (r)          2204 = GLYOO (r)              
 593 = NOPINBCO (r)           1399 = C413COOOH (r)          2205 = C3ME3CHOO2 (r)         
 594 = NOPINBOOH (r)          1400 = NBPINBOOH (r)          2206 = C622CO3 (r)            
 595 = C915OH (r)             1401 = GLYOOA (r)             2207 = C5HPALD1 (r)           
 596 = C916OH (r)             1402 = HC4CCO2H (r)           2208 = C5HPALD2 (r)           
 597 = C718NO3 (r)            1403 = C57OOH (r)             2209 = INAO2 (r)              
 598 = C88PAN (r)             1404 = NC91CO3H (r)           2210 = C626O2 (r)             
 599 = C88CO2H (r)            1405 = HC4ACO2H (r)           2211 = INCO2 (r)              
 600 = C88OH (r)              1406 = ISOPDOH (r)            2212 = C524O2 (r)             
 601 = C718PAN (r)            1407 = LMKBCO (r)             2213 = C1210O2 (r)            
 602 = C617PAN (r)            1408 = LIMALAOH (r)           2214 = C116CHO (r)            
 603 = C618PAN (r)            1409 = NPHENO (r)             2215 = C929O2 (r)             
 604 = NOPINCNO3 (r)          1410 = NPHENOH (r)            2216 = C3MDIALOH (r)          
 605 = COO2C4O (r)            1411 = TOL1O (r)              2217 = C5PACALD2 (r)          
 606 = C917NO3 (r)            1412 = MCATEC1O (r)           2218 = CH3COCO3 (r)           
 607 = CHOC3COPAN (r)         1413 = NCRES1O (r)            2219 = MMALNBCO3 (r)          
 608 = C512NO3 (r)            1414 = LMLKAOH (r)            2220 = CONM2CO3 (r)           
 609 = C619OH (r)             1415 = C620OH (r)             2221 = HO12CO3C4 (r)          
 610 = C512PAN (r)            1416 = C628O (r)              2222 = MVK (r)                
 611 = BPINBO (r)             1417 = C628OH (r)             2223 = CH2OOF (r)             
 612 = BPINBNO3 (r)           1418 = C735O (r)              2224 = C512O2 (r)             
 613 = C918PAN (r)            1419 = C735OH (r)             2225 = C5PACALD1 (r)          
 614 = BPINCNO3 (r)           1420 = C89CO2 (r)             2226 = C58AO2 (r)             
 615 = C98O (r)               1421 = C6H5O (r)              2227 = C721CHO (r)            
 616 = NC91PAN (r)            1422 = BCBCO (r)              2228 = MACRNCO3 (r)           
 617 = C89O (r)               1423 = BCKBCO (r)             2229 = LIMKET (r)             
 618 = C89NO3 (r)             1424 = C521OH (r)             2230 = ISOPCOOH (r)           
 619 = C810O (r)              1425 = C134OH (r)             2231 = NOPINONE (r)           
 620 = C810NO3 (r)            1426 = CH3C2H2O2 (r)          2232 = H3C25C6O2 (r)          
 621 = C514NO3 (r)            1427 = BCKSOZ (r)             2233 = C1210CO3 (r)           
 622 = NOPINDOH (r)           1428 = BCLKBOC (r)            2234 = C117O2 (r)             
 623 = NOPINDCO (r)           1429 = BCALAOH (r)            2235 = C57NO3CO3 (r)          
 624 = NOPINDOOH (r)          1430 = C3M3CHONO3 (r)         2236 = H2O2 (r)               
 625 = C89PAN (r)             1431 = APINBCO (r)            2237 = C126CHO (r)            
 626 = C89OH (r)              1432 = BZEMUCNO3 (r)          2238 = C624CHO (r)            
 627 = C810OH (r)             1433 = BCLKAOH (r)            2239 = MACO3 (r)              
 628 = C98NO3 (r)             1434 = LIMBCO (r)             2240 = CO2C4CHO (r)           
 629 = C8BCNO3 (r)            1435 = HNC524CO (r)           2241 = INB1O2 (r)             
 630 = C8BCOH (r)             1436 = HMACRO (r)             2242 = C517CHO (r)            
 631 = C8BCCO (r)             1437 = HMACROH (r)            2243 = BCKET (r)              
 632 = C8BCOOH (r)            1438 = NPHEN1O (r)            2244 = C132O2 (r)             
 633 = C918O (r)              1439 = CO2C3OO (r)            2245 = HOC2H4CHO (r)          
 634 = C918NO3 (r)            1440 = C818OH (r)             2246 = HOC2H4CO3 (r)          
 635 = C919O (r)              1441 = C58ANO3 (r)            2247 = C143CO (r)             
 636 = C919NO3 (r)            1442 = C47CHO (r)             2248 = CO2C4CO3 (r)           
 637 = C918OH (r)             1443 = NISOPO2 (r)            2249 = HMVKAO2 (r)            
 638 = C919OH (r)             1444 = C619CO (r)             2250 = CISOPCO (r)            
 639 = C515PAN (r)            1445 = HO13CO4C5 (r)          2251 = C58NO3 (r)             
 640 = C813O (r)              1446 = TLEMUCNO3 (r)          2252 = CO13C4CHO (r)          
 641 = C811PAN (r)            1447 = C513OH (r)             2253 = CO235C5CHO (r)         
 642 = C44O (r)               1448 = MEKAOH (r)             2254 = HCOCH2O2 (r)           
 643 = C721PAN (r)            1449 = ISOPBO (r)             2255 = BCAL (r)               
 644 = PBZN (r)               1450 = CATEC1O (r)            2256 = BCLKET (r)             
 645 = PHCOOH (r)             1451 = C824OOH (r)            2257 = C1012O2 (r)            
 646 = IPRHOCO2H (r)          1452 = C6H5CH2O2 (r)          2258 = CH3COCH2O2 (r)         
 647 = A2PANO (r)             1453 = LMKBOOH (r)            2259 = ISOPCNO3 (r)           
 648 = C614NO3 (r)            1454 = C826OOH (r)            2260 = C59O2 (r)              
 649 = OCCOHCOH (r)           1455 = C624O (r)              2261 = PINAL (r)              
 650 = A2PAN (r)              1456 = MVKOHAOOH (r)          2262 = CO2C3CHO (r)           
 651 = C2OHOCO2H (r)          1457 = C625OOH (r)            2263 = MVKNO3 (r)             
 652 = CHOCOHCO (r)           1458 = C730OOH (r)            2264 = HOCH2CO3 (r)           
 653 = MACROHO (r)            1459 = C716OOH (r)            2265 = LIMAL (r)              
 654 = IEPOXA (r)             1460 = C519OOH (r)            2266 = C57O2 (r)              
 655 = IEAPAN (r)             1461 = MNNCATCOOH (r)         2267 = MACRNO3 (r)            
 656 = PINALO (r)             1462 = C926OOH (r)            2268 = INANO3 (r)             
 657 = PINALNO3 (r)           1463 = BZFUOOH (r)            2269 = CISOPCO2 (r)           
 658 = IECPAN (r)             1464 = INANCO (r)             2270 = ISOPCO2 (r)            
 659 = INAOH (r)              1465 = CO2C4GLYOX (r)         2271 = C4MDIAL (r)            
 660 = INANPAN (r)            1466 = CHOC2H4OOH (r)         2272 = HC4ACHO (r)            
 661 = INANCO2H (r)           1467 = LMLKAOOH (r)           2273 = ISOPDO2 (r)            
 662 = C106O (r)              1468 = LMLKACO (r)            2274 = CO2H3CHO (r)           
 663 = C312COPAN (r)          1469 = DNCRESOOH (r)          2275 = HC4CCHO (r)            
 664 = C106NO3 (r)            1470 = NDNCRESOOH (r)         2276 = ACETOL (r)             
 665 = INB1O (r)              1471 = C732CO (r)             2277 = CISOPAO2 (r)           
 666 = C716O (r)              1472 = C109CO (r)             2278 = ISOPAO2 (r)            
 667 = INCOH (r)              1473 = PTLQONE (r)            2279 = ISOPBO2 (r)            
 668 = INCNCO2H (r)           1474 = C734OOH (r)            2280 = GLYOX (r)              
 669 = MACRNBPAN (r)          1475 = C620OOH (r)            2281 = MEKAO2 (r)             
 670 = INDOH (r)              1476 = BZOBIPEROH (r)         2282 = BIACETO2 (r)           
 671 = INB1NAPAN (r)          1477 = C6COOHCO3H (r)         2283 = CO23C3CHO (r)          
 672 = INB1NACO2H (r)         1478 = C733OOH (r)            2284 = CO23C4CHO (r)          
 673 = INB1NBPAN (r)          1479 = C628OOH (r)            2285 = C716OH (r)             
 674 = INB1NBCO2H (r)         1480 = C629OH (r)             2286 = CO235C6CHO (r)         
 675 = C10PAN2 (r)            1481 = C520OH (r)             2287 = C729CHO (r)            
 676 = LIMAO (r)              1482 = C614OOH (r)            2288 = HMVKBO2 (r)            
 677 = LIMBO (r)              1483 = C735OOH (r)            2289 = HCOCH2CHO (r)          
 678 = LIMBNO3 (r)            1484 = IPROPOLO2H (r)         2290 = LMLKET (r)             
 679 = LIMCO (r)              1485 = INAHCO3H (r)           2291 = C622CHO (r)            
 680 = LIMCOH (r)             1486 = CH3CHOHCO3 (r)         2292 = C518CHO (r)            
 681 = LIMALO (r)             1487 = LIMALAOOH (r)          2293 = C626CHO (r)            
 682 = LIMALOH (r)            1488 = INANCOCO2H (r)         2294 = CH3CO3 (r)             
 683 = C923PAN (r)            1489 = INANCOCO3H (r)         2295 = MGLYOX (r)             
 684 = LIMONONIC (r)          1490 = CH3SCH2O2 (r)          2296 = BIACETOH (r)           
 685 = C923NO3 (r)            1491 = CH3S (r)               2297 = C717O2 (r)             
 686 = C923OH (r)             1492 = INB1OH (r)             2298 = HOCH2CHO (r)           
 687 = C924O (r)              1493 = C5COOHCO3H (r)         2299 = HNO3 (r)               
 688 = C924OH (r)             1494 = CHOMOHCO3H (r)         2300 = HCOCH2CO3 (r)          
 689 = NORLIMO (r)            1495 = LMKAOOH (r)            2301 = LIMALBO2 (r)           
 690 = C816PAN (r)            1496 = DMSO2OOH (r)           2302 = APINCO2 (r)            
 691 = C925O (r)              1497 = DMSO2O2 (r)            2303 = C732CO3 (r)            
 692 = C817PAN (r)            1498 = BCAOOH (r)             2304 = BPINCO2 (r)            
 693 = C817NO3 (r)            1499 = BCBOOH (r)             2305 = C821O2 (r)             
 694 = C818O (r)              1500 = LIMALACO (r)           2306 = C8BCO2 (r)             
 695 = C819O (r)              1501 = BCCOOH (r)             2307 = C107O2 (r)             
 696 = C727PAN (r)            1502 = BCCO2 (r)              2308 = C108O2 (r)             
 697 = C727O (r)              1503 = NBZFUOOH (r)           2309 = C87O2 (r)              
 698 = C820O (r)              1504 = H3C25C6OH (r)          2310 = C87CO3 (r)             
 699 = C622PAN (r)            1505 = H3C25C5CHO (r)         2311 = C914O2 (r)             
 700 = C622CO2H (r)           1506 = BCALOOH (r)            2312 = C9DCO2 (r)             
 701 = C622NO3 (r)            1507 = APINAOOH (r)           2313 = C109O2 (r)             
 702 = C622OH (r)             1508 = C4CO2DCO3H (r)         2314 = C819O2 (r)             
 703 = C728O (r)              1509 = TBUTOLOOH (r)          2315 = C820O2 (r)             
 704 = C728OH (r)             1510 = C630CO (r)             2316 = C818O2 (r)             
 705 = C517PAN (r)            1511 = MEKBOOH (r)            2317 = C925O2 (r)             
 706 = C517CO2H (r)           1512 = C4M2ALOHNO3 (r)        2318 = C810O2 (r)             
 707 = C517NO3 (r)            1513 = C144OOH (r)            2319 = NC102O2 (r)            
 708 = C517OH (r)             1514 = C145OOH (r)            2320 = C919O2 (r)             
 709 = C518PAN (r)            1515 = C929OOH (r)            2321 = C98O2 (r)              
 710 = C518CO2H (r)           1516 = C5CO2DCO3H (r)         2322 = C97O2 (r)              
 711 = C623O (r)              1517 = C4CO2O (r)             2323 = C731CO3 (r)            
 712 = C97OH (r)              1518 = MMALNBPAN (r)          2324 = C824O2 (r)             
 713 = C623OH (r)             1519 = BCKAOOH (r)            2325 = C916O2 (r)             
 714 = HMVKBPAN (r)           1520 = BCKBOOH (r)            2326 = C924O2 (r)             
 715 = HMVKBCO2H (r)          1521 = C515CO (r)             2327 = C921O2 (r)             
 716 = C821O (r)              1522 = PXYFUOOH (r)           2328 = C106O2 (r)             
 717 = LMKAO (r)              1523 = INCNO3 (r)             2329 = C918O2 (r)             
 718 = LMKBO (r)              1524 = INCNCHO (r)            2330 = C823O2 (r)             
 719 = LMKBNO3 (r)            1525 = C134OOH (r)            2331 = C825O2 (r)             
 720 = C98OH (r)              1526 = C134CO (r)             2332 = C922O2 (r)             
 721 = LIMALAO (r)            1527 = C135OOH (r)            2333 = C823CO3 (r)            
 722 = CHOC2H4O (r)           1528 = C2H5O2 (r)             2334 = NC101O2 (r)            
 723 = C822PAN (r)            1529 = BCSOZO2 (r)            2335 = C917O2 (r)             
 724 = C822CO2H (r)           1530 = MEKCOOH (r)            2336 = LMLKAO2 (r)            
 725 = C823PAN (r)            1531 = C85OOH (r)             2337 = LMLKBO2 (r)            
 726 = LIMONIC (r)            1532 = C152O2 (r)             2338 = LIMALAO2 (r)           
 727 = C823NO3 (r)            1533 = MACRNBCO2H (r)         2339 = APINBO2 (r)            
 728 = C823OH (r)             1534 = C109OH (r)             2340 = C920CO3 (r)            
 729 = C825O (r)              1535 = BCALAOOH (r)           2341 = C920O2 (r)             
 730 = C825OH (r)             1536 = BCALACO (r)            2342 = C816O2 (r)             
 731 = C822NO3 (r)            1537 = C511OOH (r)            2343 = C816CO3 (r)            
 732 = C822OH (r)             1538 = BPINAOOH (r)           2344 = NAPINAO2 (r)           
 733 = C824O (r)              1539 = COHM2PAN (r)           2345 = APINAO2 (r)            
 734 = C824OH (r)             1540 = C128OOH (r)            2346 = C727CO3 (r)            
 735 = C729PAN (r)            1541 = INDO (r)               2347 = NORLIMO2 (r)           
 736 = C729NO3 (r)            1542 = C137CO (r)             2348 = C813O2 (r)             
 737 = PINALOH (r)            1543 = C813NO3 (r)            2349 = C812O2 (r)             
 738 = C826OH (r)             1544 = C1310OOH (r)           2350 = C729CO3 (r)            
 739 = C624PAN (r)            1545 = C1310CO (r)            2351 = C86O2 (r)              
 740 = C624CO2H (r)           1546 = INDHCO3H (r)           2352 = C89O2 (r)              
 741 = C624NO3 (r)            1547 = C1312OOH (r)           2353 = C88O2 (r)              
 742 = C624OH (r)             1548 = C1312CO (r)            2354 = C88CO3 (r)             
 743 = C625O (r)              1549 = APINBOOH (r)           2355 = C718CO3 (r)            
 744 = C730O (r)              1550 = PINIC (r)              2356 = C915O2 (r)             
 745 = C730OH (r)             1551 = HCOCOHCO3H (r)         2357 = PINALO2 (r)            
 746 = C626PAN (r)            1552 = C736CO (r)             2358 = NAPINBO2 (r)           
 747 = C106OH (r)             1553 = C146OOH (r)            2359 = C89CO3 (r)             
 748 = C626NO3 (r)            1554 = C146CO (r)             2360 = C826O2 (r)             
 749 = C519PAN (r)            1555 = MGLOO (r)              2361 = C822CO3 (r)            
 750 = C519CO2H (r)           1556 = C6H5OOH (r)            2362 = C822O2 (r)             
 751 = C519O (r)              1557 = C87CO (r)              2363 = NC826O2 (r)            
 752 = C511PAN (r)            1558 = C811OH (r)             2364 = NBPINBO2 (r)           
 753 = C627PAN (r)            1559 = TLOBIPEROH (r)         2365 = NC91CO3 (r)            
 754 = CHOC2PAN (r)           1560 = C3MCODBCO2 (r)         2366 = LMKAO2 (r)             
 755 = LMLKAO (r)             1561 = C6TONOHOOH (r)         2367 = C85O2 (r)              
 756 = C731PAN (r)            1562 = C615OOH (r)            2368 = C85CO3 (r)             
 757 = C731CO2H (r)           1563 = C129OOH (r)            2369 = C96CO3 (r)             
 758 = C732PAN (r)            1564 = C129CO (r)             2370 = C96O2 (r)              
 759 = KLIMONIC (r)           1565 = C831CO (r)             2371 = NLMKAO2 (r)            
 760 = C732NO3 (r)            1566 = C915O (r)              2372 = C721CO3 (r)            
 761 = C732OH (r)             1567 = C148OOH (r)            2373 = C811O2 (r)             
 762 = C734O (r)              1568 = C148CO (r)             2374 = C811CO3 (r)            
 763 = C734OH (r)             1569 = C813OH (r)             2375 = C923CO3 (r)            
 764 = C731NO3 (r)            1570 = C1014CO (r)            2376 = LMKBO2 (r)             
 765 = C731OH (r)             1571 = LIMAOOH (r)            2377 = LIMCO2 (r)             
 766 = C733O (r)              1572 = BCLKAOOH (r)           2378 = C923O2 (r)             
 767 = C733OH (r)             1573 = BCLKACO (r)            2379 = BPINAO2 (r)            
 768 = H3C2C4PAN (r)          1574 = NC101CO (r)            2380 = NOPINAO2 (r)           
 769 = NC826OH (r)            1575 = C1313OOH (r)           2381 = NOPINDO2 (r)           
 770 = CH3SCH2OH (r)          1576 = C621OOH (r)            2382 = NBPINAO2 (r)           
 771 = H3C25C6PAN (r)         1577 = MEKAOOH (r)            2383 = NOPINCO2 (r)           
 772 = CH3SO (r)              1578 = C3DIALOOH (r)          2384 = BPINBO2 (r)            
 773 = CH3SOO2NO2 (r)         1579 = LIMBOOH (r)            2385 = C918CO3 (r)            
 774 = MSIA (r)               1580 = C118OOH (r)            2386 = NOPINBO2 (r)           
 775 = CH3SO4NO2 (r)          1581 = C3DIOLOOH (r)          2387 = APINBOO (r)            
 776 = BCAO (r)               1582 = LIMCOOH (r)            2388 = LIMAO2 (r)             
 777 = BCBO (r)               1583 = C1211CO (r)            2389 = C926O2 (r)             
 778 = BCBNO3 (r)             1584 = C811NO3 (r)            2390 = LIMBO2 (r)             
 779 = BCCO (r)               1585 = C96OOH (r)             2391 = LIMALO2 (r)            
 780 = BCCOH (r)              1586 = MEKAO (r)              2392 = NLIMO2 (r)             
 781 = BCALO (r)              1587 = LIMALOOH (r)           2393 = NLIMALO2 (r)           
 782 = BCALOH (r)             1588 = C1213OOH (r)           2394 = C817CO3 (r)            
 783 = C141PAN (r)            1589 = C1213CO (r)            2395 = R_HOM_OH_O10 (r)       
 784 = C141NO3 (r)            1590 = C1215OOH (r)           2396 = R_HOM_O8 (r)           
 785 = C141OH (r)             1591 = NORPINIC (r)           2397 = R_HOM_OH_O5 (r)        
 786 = C108O (r)              1592 = C1215CO (r)            2398 = R_HOM_O5 (r)           
 787 = C142NO3 (r)            1593 = C5DIALOOH (r)          2399 = R_HOM_OH_O8 (r)        
 788 = C143NO3 (r)            1594 = CHOCOMOXO2 (r)         2400 = R_HOM_O13 (r)          
 789 = C143OH (r)             1595 = C924OOH (r)            2401 = R_HOM_O7 (r)           
 790 = C108NO3 (r)            1596 = C924CO (r)             2402 = R_HOM_OH_O6 (r)        
 791 = C927NO3 (r)            1597 = C525OOH (r)            2403 = R_HOM_O4 (r)           
 792 = C630OH (r)             1598 = NC524O (r)             2404 = R_HOM_OH_O7 (r)        
 793 = C46PAN (r)             1599 = HMVKNO3 (r)            2405 = R_HOM_O12 (r)          
 794 = C46CO2H (r)            1600 = C823CO (r)             2406 = R_HOM_O14 (r)          
 795 = C928PAN (r)            1601 = ACLOOA (r)             2407 = R_HOM_O9 (r)           
 796 = C928CO2H (r)           1602 = NNCATECOOH (r)         2408 = R_HOM_O10 (r)          
 797 = C928NO3 (r)            1603 = HIEB2OOH (r)           2409 = OH (r)                 
 798 = C928OH (r)             1604 = NORLIMOOH (r)          2410 = R_HOM_OH_O9 (r)        
 799 = C929O (r)              1605 = C817CO (r)             2411 = C817O2 (r)             
 800 = C929OH (r)             1606 = HMACO3H (r)            2412 = R_HOM_O6 (r)           
 801 = C827PAN (r)            1607 = HMACROOH (r)           2413 = NO3 (r)                
 802 = C827CO2H (r)           1608 = BCALCOOH (r)           2414 = HO2 (r)                
 803 = C827OOH (r)            1609 = NC4CO3H (r)            2415 = R_HOM_O11 (r)          
 804 = C511O (r)              1610 = C816OOH (r)            
 805 = C828PAN (r)            1611 = BCLKCOOH (r)           
 806 = BCKAO (r)              1612 = C925OOH (r)            

Fixed species
   1 = SO2 (r)                  11 = C2H5OH (r)               21 = LIMONENE (r)           
   2 = NO (r)                   12 = C5H8 (r)                 22 = MACR (r)               
   3 = NO2 (r)                  13 = CH3CHO (r)               23 = MEK (r)                
   4 = CO (r)                   14 = CH3CO2H (r)              24 = PROPACID (r)           
   5 = H2 (r)                   15 = CH3COCH3 (r)             25 = TOLUENE (r)            
   6 = O3 (r)                   16 = CH3OH (r)                26 = NH3 (r)                
   7 = APINENE (r)              17 = CH4 (r)                  27 = DMA (r)                
   8 = BCARY (r)                18 = DMS (r)                
   9 = BENZENE (r)              19 = HCHO (r)               
  10 = BPINENE (r)              20 = HCOOH (r)              

### Subroutines ---------------------------------------

SUBROUTINE Fun ( V, F, RCT, Vdot, Aout )
SUBROUTINE Fun_SPLIT ( V, F, RCT, Vdot, P_VAR, D_VAR, Aout )
SUBROUTINE CalcStoichNum ( StoichNum )
SUBROUTINE Jac_SP ( V, F, RCT, JVS )
SUBROUTINE Jac_SP_Vec ( JVS, UV, JUV )
SUBROUTINE JacTR_SP_Vec ( JVS, UV, JTUV )
SUBROUTINE KppSolve ( JVS, X )
SUBROUTINE KppSolveTR ( JVS, X, XX )
SUBROUTINE Initialize ( )
SUBROUTINE Shuffle_user2kpp ( V_USER, V )
SUBROUTINE Shuffle_kpp2user ( V, V_USER )
SUBROUTINE Update_PHOTO ( )
SUBROUTINE GetMass ( CL, Mass )
